RAM Allocation [bytes]
Variable                                                                          Address   Size
------------------------------------------------------------------------------------------------
hexvalue                                                                          0x0160      10

EEPROM Allocation [bytes]
Variable                                                                          Address   Size
------------------------------------------------------------------------------------------------

Register Allocation
Variable                                                                          Register  Size
------------------------------------------------------------------------------------------------
number                                                                            R4,R5        2

FLASH Allocation [words]
Function                                                                          Address   Size
------------------------------------------------------------------------------------------------
main                                                                              0x00060     20
Q1                                                                                0x00074     26
Q2                                                                                0x0008E     37
Q3                                                                                0x000B3      3
Q4                                                                                0x000B6     26
Q6                                                                                0x000DF     51
show_numb                                                                         0x00112     65
