RAM Allocation [bytes]
Variable                                                                          Address   Size
------------------------------------------------------------------------------------------------
hexvalue                                                                          0x0160      10

EEPROM Allocation [bytes]
Variable                                                                          Address   Size
------------------------------------------------------------------------------------------------

Register Allocation
Variable                                                                          Register  Size
------------------------------------------------------------------------------------------------

FLASH Allocation [words]
Function                                                                          Address   Size
------------------------------------------------------------------------------------------------
main                                                                              0x00060     33
Q1                                                                                0x00081     32
Q2                                                                                0x000A1     33
Q3                                                                                0x000C2     32
Q4                                                                                0x000E2     14
seven_seg_display                                                                 0x000F0    237
